// Jest Snapshot v1, https://goo.gl/fbAQLP

exports[`testing matches snapshot 1`] = `
<div>
  Hi 
</div>
`;
