// Jest Snapshot v1, https://goo.gl/fbAQLP

exports[`Logout button matches snapshot 1`] = `
<button
  className="components-button"
  disabled={undefined}
  onClick={[Function]}
  type="button"
>
  Logout
</button>
`;
